// Jest Snapshot v1, https://goo.gl/fbAQLP

exports[`Test Console Reporter class Test print method should print lines to the logger 1`] = `
Array [
  "------------------- [ METRICS START (5) ] -------------------",
  "os.datetime.utc (gauge)",
  "  {}: 123456 ",
  "",
  "test.info (info)",
  "  {}: Test Value ",
  "",
  "test.counter (counter)",
  "  {}: 5 ",
  "  {action: posts\\\\comments}: 8 ",
  "",
  "test.gauge-total (gauge)",
  "  {action: users-\\"John\\"}: -8 ",
  "  {}: [object Object] ",
  "",
  "test.histogram (histogram)",
  "  {}: Count: 4 | 1: 0 | 5: 2 | 10: 4 | 0.005: 0 | 0.01: 0 | 0.025: 0 | 0.05: 0 | 0.1: 0 | 0.25: 0 | 0.5: 0 | 2.5: 2 | Min: 2.00 | Mean: 4.50 | Var: 9.00 | StdDev: 3.00 | Max: 8.00 | 0.5: 2.00 | 0.9: 8.00 | 0.95: 8.00 | 0.99: 8.00 | 0.999: 8.00 bytes",
  "  {action: auth}: Count: 3 | 1: 1 | 5: 2 | 10: 3 | 0.005: 0 | 0.01: 0 | 0.025: 0 | 0.05: 0 | 0.1: 0 | 0.25: 0 | 0.5: 0 | 2.5: 1 | Min: 1.00 | Mean: 3.67 | Var: 9.33 | StdDev: 3.06 | Max: 7.00 | 0.5: 3.00 | 0.9: 7.00 | 0.95: 7.00 | 0.99: 7.00 | 0.999: 7.00 bytes",
  "",
  "-------------------- [ METRICS END (5) ] --------------------",
]
`;
